// Jest Snapshot v1, https://goo.gl/fbAQLP

exports[`readFolder(exampleDir) 1`] = `
Array [
  Object {
    "content": Buffer("{
  \\"name\\": \\"example\\",
  \\"private\\": true,
  \\"peerDependencies\\": {
    \\"promise\\": \\"^6.0.0\\"
  },
  \\"scripts\\": {
    \\"test\\": \\"node test\\"
  }
}
"),
    "path": "./package.json",
    "type": "file",
  },
  Object {
    "path": "./test",
    "type": "directory",
  },
  Object {
    "content": Buffer("console.log('promise version v' + require('promise/package.json').version);
if (require('promise/package.json').version === '6.0.1') {
  console.log('Simulating faield test for v6.0.1');
  process.exit(1);
}
"),
    "path": "./test/index.js",
    "type": "file",
  },
]
`;
